// Jest Snapshot v1, https://goo.gl/fbAQLP

exports[`The Roster Table should render correctly 1`] = `
<main
  className="Roster-main-2"
>
  <div
    id="Roster"
  >
    <div
      id="Dialog"
    />
    <div
      classes="Roster-alignTop-8"
    >
      <div
        className="Roster-col-9"
      >
        <h5
          className="MuiTypography-root-27 MuiTypography-h5-43"
        >
          <em>
            The
          </em>
           Roster
        </h5>
      </div>
      <div
        className="Roster-col-9"
      >
        <button
          aria-label="Add"
          className="MuiButtonBase-root-73 MuiFab-root-63 MuiFab-sizeSmall-71 Roster-fab-6"
          disabled={false}
          onBlur={[Function]}
          onContextMenu={[Function]}
          onFocus={[Function]}
          onKeyDown={[Function]}
          onKeyUp={[Function]}
          onMouseDown={[Function]}
          onMouseLeave={[Function]}
          onMouseUp={[Function]}
          onTouchEnd={[Function]}
          onTouchMove={[Function]}
          onTouchStart={[Function]}
          tabIndex="0"
          type="button"
        >
          <span
            className="MuiFab-label-64"
          >
            <svg
              aria-hidden="true"
              className="MuiSvgIcon-root-76"
              focusable="false"
              onClick={[Function]}
              role="presentation"
              viewBox="0 0 24 24"
            >
              <path
                d="M19 13h-6v6h-2v-6H5v-2h6V5h2v6h6v2z"
              />
              <path
                d="M0 0h24v24H0z"
                fill="none"
              />
            </svg>
          </span>
          <span
            className="MuiTouchRipple-root-132"
          />
        </button>
      </div>
    </div>
    <h6
      className="MuiTypography-root-27 MuiTypography-h6-44 Roster-subTitle-10"
    >
      
    </h6>
    <div
      className="MuiPaper-root-85 MuiPaper-elevation2-89 MuiPaper-rounded-86 Roster-root-1"
    >
      <table
        className="MuiTable-root-112 Roster-table-4"
      >
        <thead
          className="MuiTableHead-root-113"
        >
          <tr
            className="MuiTableRow-root-114 MuiTableRow-head-117"
          >
            <th
              aria-sort={null}
              className="MuiTableCell-root-119 MuiTableCell-head-120 Roster-tableCell-5"
              scope="col"
            >
              Player
            </th>
            <th
              aria-sort={null}
              className="MuiTableCell-root-119 MuiTableCell-head-120 MuiTableCell-alignRight-129 Roster-tableCell-5"
              scope="col"
            >
              Rating
            </th>
            <th
              aria-sort={null}
              className="MuiTableCell-root-119 MuiTableCell-head-120 MuiTableCell-alignRight-129 Roster-tableCell-5"
              scope="col"
            >
              Preferred Hand
            </th>
            <th
              aria-sort={null}
              className="MuiTableCell-root-119 MuiTableCell-head-120 MuiTableCell-alignCenter-128 Roster-tableCell-5"
              scope="col"
            >
              Remove
            </th>
          </tr>
        </thead>
        <tbody
          className="MuiTableBody-root-131"
        />
      </table>
    </div>
  </div>
</main>
`;
